Archive member included to satisfy reference by file (symbol)

c:/program files (x86)/atmel/studio/7.0/toolchain/avr8/avr8-gnu-toolchain/bin/../lib/gcc/avr/5.4.0/../../../../avr/lib/avr5\libm.a(addsf3.o)
                              src/__format__.o (__subsf3)
c:/program files (x86)/atmel/studio/7.0/toolchain/avr8/avr8-gnu-toolchain/bin/../lib/gcc/avr/5.4.0/../../../../avr/lib/avr5\libm.a(addsf3x.o)
                              c:/program files (x86)/atmel/studio/7.0/toolchain/avr8/avr8-gnu-toolchain/bin/../lib/gcc/avr/5.4.0/../../../../avr/lib/avr5\libm.a(addsf3.o) (__addsf3x)
c:/program files (x86)/atmel/studio/7.0/toolchain/avr8/avr8-gnu-toolchain/bin/../lib/gcc/avr/5.4.0/../../../../avr/lib/avr5\libm.a(cos.o)
                              src/__kinematics__.o (cos)
c:/program files (x86)/atmel/studio/7.0/toolchain/avr8/avr8-gnu-toolchain/bin/../lib/gcc/avr/5.4.0/../../../../avr/lib/avr5\libm.a(divsf3.o)
                              src/__odometry__.o (__divsf3)
c:/program files (x86)/atmel/studio/7.0/toolchain/avr8/avr8-gnu-toolchain/bin/../lib/gcc/avr/5.4.0/../../../../avr/lib/avr5\libm.a(divsf3x.o)
                              c:/program files (x86)/atmel/studio/7.0/toolchain/avr8/avr8-gnu-toolchain/bin/../lib/gcc/avr/5.4.0/../../../../avr/lib/avr5\libm.a(divsf3.o) (__divsf3x)
c:/program files (x86)/atmel/studio/7.0/toolchain/avr8/avr8-gnu-toolchain/bin/../lib/gcc/avr/5.4.0/../../../../avr/lib/avr5\libm.a(fixsfdi.o)
                              src/__timer1__.o (__fixunssfdi)
c:/program files (x86)/atmel/studio/7.0/toolchain/avr8/avr8-gnu-toolchain/bin/../lib/gcc/avr/5.4.0/../../../../avr/lib/avr5\libm.a(fixsfsi.o)
                              src/__dc_control__.o (__fixsfsi)
c:/program files (x86)/atmel/studio/7.0/toolchain/avr8/avr8-gnu-toolchain/bin/../lib/gcc/avr/5.4.0/../../../../avr/lib/avr5\libm.a(fixunssfsi.o)
                              src/__format__.o (__fixunssfsi)
c:/program files (x86)/atmel/studio/7.0/toolchain/avr8/avr8-gnu-toolchain/bin/../lib/gcc/avr/5.4.0/../../../../avr/lib/avr5\libm.a(floatsisf.o)
                              src/__format__.o (__floatsisf)
c:/program files (x86)/atmel/studio/7.0/toolchain/avr8/avr8-gnu-toolchain/bin/../lib/gcc/avr/5.4.0/../../../../avr/lib/avr5\libm.a(floatundisf.o)
                              src/__odometry__.o (__floatundisf)
c:/program files (x86)/atmel/studio/7.0/toolchain/avr8/avr8-gnu-toolchain/bin/../lib/gcc/avr/5.4.0/../../../../avr/lib/avr5\libm.a(fp_inf.o)
                              c:/program files (x86)/atmel/studio/7.0/toolchain/avr8/avr8-gnu-toolchain/bin/../lib/gcc/avr/5.4.0/../../../../avr/lib/avr5\libm.a(addsf3x.o) (__fp_inf)
c:/program files (x86)/atmel/studio/7.0/toolchain/avr8/avr8-gnu-toolchain/bin/../lib/gcc/avr/5.4.0/../../../../avr/lib/avr5\libm.a(fp_nan.o)
                              c:/program files (x86)/atmel/studio/7.0/toolchain/avr8/avr8-gnu-toolchain/bin/../lib/gcc/avr/5.4.0/../../../../avr/lib/avr5\libm.a(addsf3x.o) (__fp_nan)
c:/program files (x86)/atmel/studio/7.0/toolchain/avr8/avr8-gnu-toolchain/bin/../lib/gcc/avr/5.4.0/../../../../avr/lib/avr5\libm.a(fp_negdi.o)
                              c:/program files (x86)/atmel/studio/7.0/toolchain/avr8/avr8-gnu-toolchain/bin/../lib/gcc/avr/5.4.0/../../../../avr/lib/avr5\libm.a(fixsfdi.o) (__fp_negdi)
c:/program files (x86)/atmel/studio/7.0/toolchain/avr8/avr8-gnu-toolchain/bin/../lib/gcc/avr/5.4.0/../../../../avr/lib/avr5\libm.a(fp_pscA.o)
                              c:/program files (x86)/atmel/studio/7.0/toolchain/avr8/avr8-gnu-toolchain/bin/../lib/gcc/avr/5.4.0/../../../../avr/lib/avr5\libm.a(addsf3x.o) (__fp_pscA)
c:/program files (x86)/atmel/studio/7.0/toolchain/avr8/avr8-gnu-toolchain/bin/../lib/gcc/avr/5.4.0/../../../../avr/lib/avr5\libm.a(fp_pscB.o)
                              c:/program files (x86)/atmel/studio/7.0/toolchain/avr8/avr8-gnu-toolchain/bin/../lib/gcc/avr/5.4.0/../../../../avr/lib/avr5\libm.a(addsf3x.o) (__fp_pscB)
c:/program files (x86)/atmel/studio/7.0/toolchain/avr8/avr8-gnu-toolchain/bin/../lib/gcc/avr/5.4.0/../../../../avr/lib/avr5\libm.a(fp_rempio2.o)
                              c:/program files (x86)/atmel/studio/7.0/toolchain/avr8/avr8-gnu-toolchain/bin/../lib/gcc/avr/5.4.0/../../../../avr/lib/avr5\libm.a(cos.o) (__fp_rempio2)
c:/program files (x86)/atmel/studio/7.0/toolchain/avr8/avr8-gnu-toolchain/bin/../lib/gcc/avr/5.4.0/../../../../avr/lib/avr5\libm.a(fp_round.o)
                              c:/program files (x86)/atmel/studio/7.0/toolchain/avr8/avr8-gnu-toolchain/bin/../lib/gcc/avr/5.4.0/../../../../avr/lib/avr5\libm.a(addsf3.o) (__fp_round)
c:/program files (x86)/atmel/studio/7.0/toolchain/avr8/avr8-gnu-toolchain/bin/../lib/gcc/avr/5.4.0/../../../../avr/lib/avr5\libm.a(fp_sinus.o)
                              c:/program files (x86)/atmel/studio/7.0/toolchain/avr8/avr8-gnu-toolchain/bin/../lib/gcc/avr/5.4.0/../../../../avr/lib/avr5\libm.a(cos.o) (__fp_sinus)
[...]
Memory Configuration

Name             Origin             Length             Attributes
text             0x00000000         0x00008000         xr
data             0x00800060         0x00000800         rw !x
eeprom           0x00810000         0x00000400         rw !x
fuse             0x00820000         0x00000003         rw !x
lock             0x00830000         0x00000400         rw !x
signature        0x00840000         0x00000400         rw !x
user_signatures  0x00850000         0x00000400         rw !x
*default*        0x00000000         0xffffffff

Linker script and memory map

Address of section .data set to 0x800100
LOAD C:/Program Files (x86)/Atmel/Studio/7.0/Packs/Atmel/ATmega_DFP/1.6.364/gcc/dev/atmega328p/avr5/crtatmega328p.o
LOAD src/_pid_.o
LOAD src/__adc__.o
LOAD src/__dc_control__.o
LOAD src/__format__.o
LOAD src/__INT_0_1__.o
LOAD src/__kinematics__.o
LOAD src/__odometry__.o
LOAD src/__pwm__.o
LOAD src/__timer0__.o
LOAD src/__timer1__.o
LOAD src/__timer2__.o
LOAD src/__usart__.o
LOAD src/ASF/common/boards/user_board/init.o
LOAD src/main.o
START GROUP
LOAD c:/program files (x86)/atmel/studio/7.0/toolchain/avr8/avr8-gnu-toolchain/bin/../lib/gcc/avr/5.4.0/../../../../avr/lib/avr5\libm.a
END GROUP
LOAD c:/program files (x86)/atmel/studio/7.0/toolchain/avr8/avr8-gnu-toolchain/bin/../lib/gcc/avr/5.4.0/../../../../avr/lib/avr5\libprintf_flt.a
LOAD c:/program files (x86)/atmel/studio/7.0/toolchain/avr8/avr8-gnu-toolchain/bin/../lib/gcc/avr/5.4.0/avr5\libgcc.a
LOAD c:/program files (x86)/atmel/studio/7.0/toolchain/avr8/avr8-gnu-toolchain/bin/../lib/gcc/avr/5.4.0/../../../../avr/lib/avr5\libm.a
START GROUP
LOAD c:/program files (x86)/atmel/studio/7.0/toolchain/avr8/avr8-gnu-toolchain/bin/../lib/gcc/avr/5.4.0/avr5\libgcc.a
LOAD c:/program files (x86)/atmel/studio/7.0/toolchain/avr8/avr8-gnu-toolchain/bin/../lib/gcc/avr/5.4.0/../../../../avr/lib/avr5\libm.a
LOAD c:/program files (x86)/atmel/studio/7.0/toolchain/avr8/avr8-gnu-toolchain/bin/../lib/gcc/avr/5.4.0/../../../../avr/lib/avr5\libc.a
LOAD C:/Program Files (x86)/Atmel/Studio/7.0/Packs/Atmel/ATmega_DFP/1.6.364/gcc/dev/atmega328p/avr5\libatmega328p.a
END GROUP
                [0x00008000]                __TEXT_REGION_LENGTH__ = DEFINED (__TEXT_REGION_LENGTH__)?__TEXT_REGION_LENGTH__:0x20000
                [0x00000800]                __DATA_REGION_LENGTH__ = DEFINED (__DATA_REGION_LENGTH__)?__DATA_REGION_LENGTH__:0xffa0
                [0x00000400]                __EEPROM_REGION_LENGTH__ = DEFINED (__EEPROM_REGION_LENGTH__)?__EEPROM_REGION_LENGTH__:0x10000
                [0x00000003]                __FUSE_REGION_LENGTH__ = DEFINED (__FUSE_REGION_LENGTH__)?__FUSE_REGION_LENGTH__:0x400
                0x00000400                __LOCK_REGION_LENGTH__ = DEFINED (__LOCK_REGION_LENGTH__)?__LOCK_REGION_LENGTH__:0x400
                0x00000400                __SIGNATURE_REGION_LENGTH__ = DEFINED (__SIGNATURE_REGION_LENGTH__)?__SIGNATURE_REGION_LENGTH__:0x400
                0x00000400                __USER_SIGNATURE_REGION_LENGTH__ = DEFINED (__USER_SIGNATURE_REGION_LENGTH__)?__USER_SIGNATURE_REGION_LENGTH__:0x400

.hash
 *(.hash)

.dynsym
 *(.dynsym)

.dynstr
 *(.dynstr)

.gnu.version
 *(.gnu.version)

.gnu.version_d
 *(.gnu.version_d)

.gnu.version_r
 *(.gnu.version_r)

.rel.init
 *(.rel.init)

.rela.init
 *(.rela.init)

.rel.text
 *(.rel.text)
 *(.rel.text.*)
 *(.rel.gnu.linkonce.t*)

.rela.text
 *(.rela.text)
 *(.rela.text.*)
 *(.rela.gnu.linkonce.t*)

.rel.fini
 *(.rel.fini)

.rela.fini
 *(.rela.fini)

.rel.rodata
 *(.rel.rodata)
 *(.rel.rodata.*)
 *(.rel.gnu.linkonce.r*)

.rela.rodata
 *(.rela.rodata)
 *(.rela.rodata.*)
 *(.rela.gnu.linkonce.r*)

.rel.data
 *(.rel.data)
 *(.rel.data.*)
 *(.rel.gnu.linkonce.d*)

.rela.data
 *(.rela.data)
 *(.rela.data.*)
 *(.rela.gnu.linkonce.d*)

.rel.ctors
 *(.rel.ctors)

.rela.ctors
 *(.rela.ctors)

.rel.dtors
 *(.rel.dtors)

.rela.dtors
 *(.rela.dtors)

.rel.got
 *(.rel.got)

.rela.got
 *(.rela.got)

.rel.bss
 *(.rel.bss)

.rela.bss
 *(.rela.bss)

.rel.plt
 *(.rel.plt)

.rela.plt
 *(.rela.plt)

.text           0x00000000     0x1f4e
 *(.vectors)
 .vectors       0x00000000       0x68 C:/Program Files (x86)/Atmel/Studio/7.0/Packs/Atmel/ATmega_DFP/1.6.364/gcc/dev/atmega328p/avr5/crtatmega328p.o
                0x00000000                __vector_default
                0x00000000                __vectors
 *(.vectors)
 *(.progmem.gcc*)
                0x00000068                . = ALIGN (0x2)
                0x00000068                __trampolines_start = .
 *(.trampolines)
 .trampolines   0x00000068        0x0 linker stubs
 *(.trampolines*)
                0x00000068                __trampolines_end = .
 *libprintf_flt.a:*(.progmem.data)
 .progmem.data  0x00000068        0x8 c:/program files (x86)/atmel/studio/7.0/toolchain/avr8/avr8-gnu-toolchain/bin/../lib/gcc/avr/5.4.0/../../../../avr/lib/avr5\libprintf_flt.a(vfprintf_flt.o)
 *libc.a:*(.progmem.data)
 .progmem.data  0x00000070       0xfa c:/program files (x86)/atmel/studio/7.0/toolchain/avr8/avr8-gnu-toolchain/bin/../lib/gcc/avr/5.4.0/../../../../avr/lib/avr5\libc.a(ftoa_engine.o)
 *(.progmem*)
                0x0000016a                . = ALIGN (0x2)
 *(.jumptables)
 *(.jumptables*)
 *(.lowtext)
 *(.lowtext*)
                0x0000016a                __ctors_start = .
 *(.ctors)
                0x0000016a                __ctors_end = .
                0x0000016a                __dtors_start = .
 *(.dtors)
                0x0000016a                __dtors_end = .
 SORT(*)(.ctors)
 SORT(*)(.dtors)
 *(.init0)
 .init0         0x0000016a        0x0 C:/Program Files (x86)/Atmel/Studio/7.0/Packs/Atmel/ATmega_DFP/1.6.364/gcc/dev/atmega328p/avr5/crtatmega328p.o
                0x0000016a                __init
 *(.init0)
 *(.init1)
 *(.init1)
 *(.init2)
 .init2         0x0000016a        0xc C:/Program Files (x86)/Atmel/Studio/7.0/Packs/Atmel/ATmega_DFP/1.6.364/gcc/dev/atmega328p/avr5/crtatmega328p.o
 *(.init2)
 *(.init3)
 *(.init3)
 *(.init4)
 .init4         0x00000176       0x16 c:/program files (x86)/atmel/studio/7.0/toolchain/avr8/avr8-gnu-toolchain/bin/../lib/gcc/avr/5.4.0/avr5\libgcc.a(_copy_data.o)
                0x00000176                __do_copy_data
 .init4         0x0000018c       0x10 c:/program files (x86)/atmel/studio/7.0/toolchain/avr8/avr8-gnu-toolchain/bin/../lib/gcc/avr/5.4.0/avr5\libgcc.a(_clear_bss.o)
                0x0000018c                __do_clear_bss
 *(.init4)
 *(.init5)
 *(.init5)
 *(.init6)
 *(.init6)
 *(.init7)
 *(.init7)
 *(.init8)
 *(.init8)
 *(.init9)
 .init9         0x0000019c        0x8 C:/Program Files (x86)/Atmel/Studio/7.0/Packs/Atmel/ATmega_DFP/1.6.364/gcc/dev/atmega328p/avr5/crtatmega328p.o
 *(.init9)
 *(.text)
 .text          0x000001a4        0x4 C:/Program Files (x86)/Atmel/Studio/7.0/Packs/Atmel/ATmega_DFP/1.6.364/gcc/dev/atmega328p/avr5/crtatmega328p.o
                0x000001a4                __vector_22
                0x000001a4                __vector_24
                0x000001a4                __vector_12
                0x000001a4                __bad_interrupt
                0x000001a4                __vector_6
                0x000001a4                __vector_3
                0x000001a4                __vector_23
                0x000001a4                __vector_25
                0x000001a4                __vector_11
                0x000001a4                __vector_17
                0x000001a4                __vector_19
                0x000001a4                __vector_5
                0x000001a4                __vector_4
                0x000001a4                __vector_21
                0x000001a4                __vector_15
                0x000001a4                __vector_8
                0x000001a4                __vector_14
                0x000001a4                __vector_10
                0x000001a4                __vector_18
                0x000001a4                __vector_20
                0x000001a8                . = ALIGN (0x2)
 *(.text.*)
 .text.pid_Init
                0x000001a8       0x5a src/_pid_.o
                0x000001a8                pid_Init
 .text.pid_Controller
                0x00000202      0x15c src/_pid_.o
                0x00000202                pid_Controller
 .text._adc_init
                0x0000035e       0x18 src/__adc__.o
                0x0000035e                _adc_init
 .text._adc_read
                0x00000376       0x26 src/__adc__.o
                0x00000376                _adc_read
 .text._sens    0x0000039c       0x1e src/__dc_control__.o
                0x0000039c                _sens
 .text._break_motor
                0x000003ba       0x2c src/__dc_control__.o
                0x000003ba                _break_motor
 .text._set_speed
                0x000003e6       0x80 src/__dc_control__.o
                0x000003e6                _set_speed
 .text._init_dc_control
                0x00000466       0x18 src/__dc_control__.o
                0x00000466                _init_dc_control
 .text._update_controller
                0x0000047e       0x3e src/__dc_control__.o
                0x0000047e                _update_controller
 .text._interrupt0_enable
                0x000004bc       0x10 src/__INT_0_1__.o
                0x000004bc                _interrupt0_enable
 .text._interrupt1_enable
                0x000004cc       0x10 src/__INT_0_1__.o
                0x000004cc                _interrupt1_enable
 .text.__vector_1
                0x000004dc      0x1cc src/__odometry__.o
                0x000004dc                __vector_1
 .text.__vector_2
                0x000006a8      0x170 src/__odometry__.o
                0x000006a8                __vector_2
 .text._omega_from_encA
                0x00000818       0x64 src/__odometry__.o
                0x00000818                _omega_from_encA
 .text._omega_from_encB
                0x0000087c       0x36 src/__odometry__.o
                0x0000087c                _omega_from_encB
 .text.__vector_9
                0x000008b2       0xcc src/__odometry__.o
                0x000008b2                __vector_9
 .text.__vector_7
                0x0000097e       0x14 src/__odometry__.o
                0x0000097e                __vector_7
 .text._set_pwm_0A
                0x00000992       0x18 src/__pwm__.o
                0x00000992                _set_pwm_0A
 .text._set_pwm_0B
                0x000009aa       0x18 src/__pwm__.o
                0x000009aa                _set_pwm_0B
 .text._set_pwm_1A
                0x000009c2       0x1e src/__pwm__.o
                0x000009c2                _set_pwm_1A
 .text._set_pwm_1B
                0x000009e0       0x1e src/__pwm__.o
                0x000009e0                _set_pwm_1B
 .text._timer0_init
                0x000009fe       0x20 src/__timer0__.o
                0x000009fe                _timer0_init
 .text._micros0
                0x00000a1e       0xd8 src/__timer0__.o
                0x00000a1e                _micros0
 .text._millis0
                0x00000af6       0xc0 src/__timer0__.o
                0x00000af6                _millis0
 .text.__vector_16
                0x00000bb6       0x7e src/__timer0__.o
                0x00000bb6                __vector_16
 .text._timer1_init
                0x00000c34       0x3a src/__timer1__.o
                0x00000c34                _timer1_init
 .text.__vector_13
                0x00000c6e      0x11a src/__timer1__.o
                0x00000c6e                __vector_13
 .text._timer2_init
                0x00000d88       0x20 src/__timer2__.o
                0x00000d88                _timer2_init
 .text._uart_put_char
                0x00000da8       0x14 src/__usart__.o
 .text._uart_get_char
                0x00000dbc       0x12 src/__usart__.o
 .text.usart_init
                0x00000dce       0x28 src/__usart__.o
                0x00000dce                usart_init
 .text.board_init
                0x00000df6       0x22 src/ASF/common/boards/user_board/init.o
                0x00000df6                board_init
 .text.main     0x00000e18       0x9a src/main.o
                0x00000e18                main
 .text.avr-libc.fplib
                0x00000eb2        0x8 c:/program files (x86)/atmel/studio/7.0/toolchain/avr8/avr8-gnu-toolchain/bin/../lib/gcc/avr/5.4.0/../../../../avr/lib/avr5\libm.a(divsf3.o)
                0x00000eb2                __divsf3
 .text.avr-libc.fplib
                0x00000eba       0xdc c:/program files (x86)/atmel/studio/7.0/toolchain/avr8/avr8-gnu-toolchain/bin/../lib/gcc/avr/5.4.0/../../../../avr/lib/avr5\libm.a(divsf3x.o)
                0x00000eda                __divsf3x
                0x00000ee0                __divsf3_pse
 .text.avr-libc.fplib
                0x00000f96        0xe c:/program files (x86)/atmel/studio/7.0/toolchain/avr8/avr8-gnu-toolchain/bin/../lib/gcc/avr/5.4.0/../../../../avr/lib/avr5\libm.a(fixsfsi.o)
                0x00000f96                __fixsfsi
 .text.avr-libc.fplib
                0x00000fa4       0x5e c:/program files (x86)/atmel/studio/7.0/toolchain/avr8/avr8-gnu-toolchain/bin/../lib/gcc/avr/5.4.0/../../../../avr/lib/avr5\libm.a(fixunssfsi.o)
                0x00000fa4                __fixunssfsi
 .text.avr-libc.fplib
                0x00001002       0x7c c:/program files (x86)/atmel/studio/7.0/toolchain/avr8/avr8-gnu-toolchain/bin/../lib/gcc/avr/5.4.0/../../../../avr/lib/avr5\libm.a(floatundisf.o)
                0x00001002                __floatundisf
                0x00001004                __fp_di2sf
 .text.avr-libc.fplib
                0x0000107e        0xc c:/program files (x86)/atmel/studio/7.0/toolchain/avr8/avr8-gnu-toolchain/bin/../lib/gcc/avr/5.4.0/../../../../avr/lib/avr5\libm.a(fp_inf.o)
                0x0000107e                __fp_inf
 .text.avr-libc.fplib
                0x0000108a        0x6 c:/program files (x86)/atmel/studio/7.0/toolchain/avr8/avr8-gnu-toolchain/bin/../lib/gcc/avr/5.4.0/../../../../avr/lib/avr5\libm.a(fp_nan.o)
                0x0000108a                __fp_nan
 .text.avr-libc.fplib
                0x00001090        0xe c:/program files (x86)/atmel/studio/7.0/toolchain/avr8/avr8-gnu-toolchain/bin/../lib/gcc/avr/5.4.0/../../../../avr/lib/avr5\libm.a(fp_pscA.o)
                0x00001090                __fp_pscA
 .text.avr-libc.fplib
                0x0000109e        0xe c:/program files (x86)/atmel/studio/7.0/toolchain/avr8/avr8-gnu-toolchain/bin/../lib/gcc/avr/5.4.0/../../../../avr/lib/avr5\libm.a(fp_pscB.o)
                0x0000109e                __fp_pscB
 .text.avr-libc.fplib
                0x000010ac       0x22 c:/program files (x86)/atmel/studio/7.0/toolchain/avr8/avr8-gnu-toolchain/bin/../lib/gcc/avr/5.4.0/../../../../avr/lib/avr5\libm.a(fp_round.o)
                0x000010ac                __fp_round
 .text.avr-libc.fplib
                0x000010ce       0x44 c:/program files (x86)/atmel/studio/7.0/toolchain/avr8/avr8-gnu-toolchain/bin/../lib/gcc/avr/5.4.0/../../../../avr/lib/avr5\libm.a(fp_split3.o)
                0x000010ce                __fp_split3
                0x000010de                __fp_splitA
 .text.avr-libc.fplib
                0x00001112        0xe c:/program files (x86)/atmel/studio/7.0/toolchain/avr8/avr8-gnu-toolchain/bin/../lib/gcc/avr/5.4.0/../../../../avr/lib/avr5\libm.a(fp_zero.o)
                0x00001112                __fp_zero
                0x00001114                __fp_szero
 .text.avr-libc.fplib
                0x00001120        0xa c:/program files (x86)/atmel/studio/7.0/toolchain/avr8/avr8-gnu-toolchain/bin/../lib/gcc/avr/5.4.0/../../../../avr/lib/avr5\libm.a(gesf2.o)
                0x00001120                __gesf2
                0x00001120                __gtsf2
 .text.avr-libc.fplib
                0x0000112a        0x8 c:/program files (x86)/atmel/studio/7.0/toolchain/avr8/avr8-gnu-toolchain/bin/../lib/gcc/avr/5.4.0/../../../../avr/lib/avr5\libm.a(mulsf3.o)
                0x0000112a                __mulsf3
 .text.avr-libc.fplib
                0x00001132       0xd2 c:/program files (x86)/atmel/studio/7.0/toolchain/avr8/avr8-gnu-toolchain/bin/../lib/gcc/avr/5.4.0/../../../../avr/lib/avr5\libm.a(mulsf3x.o)
                0x00001150                __mulsf3x
                0x00001156                __mulsf3_pse
 .text.avr-libc.fplib
                0x00001204       0x48 c:/program files (x86)/atmel/studio/7.0/toolchain/avr8/avr8-gnu-toolchain/bin/../lib/gcc/avr/5.4.0/../../../../avr/lib/avr5\libm.a(fp_cmp.o)
                0x00001204                __fp_cmp
 .text.avr-libc
                0x0000124c      0x6fa c:/program files (x86)/atmel/studio/7.0/toolchain/avr8/avr8-gnu-toolchain/bin/../lib/gcc/avr/5.4.0/../../../../avr/lib/avr5\libprintf_flt.a(vfprintf_flt.o)
                0x0000124c                vfprintf
 .text.libgcc.div
                0x00001946       0x28 c:/program files (x86)/atmel/studio/7.0/toolchain/avr8/avr8-gnu-toolchain/bin/../lib/gcc/avr/5.4.0/avr5\libgcc.a(_divmodhi4.o)
                0x00001946                _div
                0x00001946                __divmodhi4
 .text.libgcc.div
                0x0000196e       0x2e c:/program files (x86)/atmel/studio/7.0/toolchain/avr8/avr8-gnu-toolchain/bin/../lib/gcc/avr/5.4.0/avr5\libgcc.a(_divmodsi4.o)
                0x0000196e                __divmodsi4
 .text.libgcc.div
                0x0000199c       0x10 c:/program files (x86)/atmel/studio/7.0/toolchain/avr8/avr8-gnu-toolchain/bin/../lib/gcc/avr/5.4.0/avr5\libgcc.a(_negsi2.o)
                0x0000199c                __negsi2
 .text.libgcc.mul
                0x000019ac       0x10 c:/program files (x86)/atmel/studio/7.0/toolchain/avr8/avr8-gnu-toolchain/bin/../lib/gcc/avr/5.4.0/avr5\libgcc.a(_mulshisi3.o)
                0x000019ac                __mulshisi3
                0x000019b2                __mulohisi3
 .text.libgcc.div
                0x000019bc       0x1c c:/program files (x86)/atmel/studio/7.0/toolchain/avr8/avr8-gnu-toolchain/bin/../lib/gcc/avr/5.4.0/avr5\libgcc.a(_udivdi3.o)
                0x000019bc                __umoddi3
                0x000019c0                __udivdi3
                0x000019c2                __udivdi3_umoddi3
 .text.libgcc.div
                0x000019d8       0xa2 c:/program files (x86)/atmel/studio/7.0/toolchain/avr8/avr8-gnu-toolchain/bin/../lib/gcc/avr/5.4.0/avr5\libgcc.a(_udivmod64.o)
                0x000019d8                __udivmod64
 .text.libgcc.prologue
                0x00001a7a       0x38 c:/program files (x86)/atmel/studio/7.0/toolchain/avr8/avr8-gnu-toolchain/bin/../lib/gcc/avr/5.4.0/avr5\libgcc.a(_prologue.o)
                0x00001a7a                __prologue_saves__
 .text.libgcc.prologue
                0x00001ab2       0x36 c:/program files (x86)/atmel/studio/7.0/toolchain/avr8/avr8-gnu-toolchain/bin/../lib/gcc/avr/5.4.0/avr5\libgcc.a(_epilogue.o)
                0x00001ab2                __epilogue_restores__
 .text.libgcc.builtins
                0x00001ae8       0x32 c:/program files (x86)/atmel/studio/7.0/toolchain/avr8/avr8-gnu-toolchain/bin/../lib/gcc/avr/5.4.0/avr5\libgcc.a(_ashldi3.o)
                0x00001ae8                __ashldi3
 .text.libgcc   0x00001b1a       0x12 c:/program files (x86)/atmel/studio/7.0/toolchain/avr8/avr8-gnu-toolchain/bin/../lib/gcc/avr/5.4.0/avr5\libgcc.a(_adddi3.o)
                0x00001b1a                __adddi3
 .text.libgcc   0x00001b2c       0x18 c:/program files (x86)/atmel/studio/7.0/toolchain/avr8/avr8-gnu-toolchain/bin/../lib/gcc/avr/5.4.0/avr5\libgcc.a(_adddi3_s8.o)
                0x00001b2c                __adddi3_s8
 .text.libgcc   0x00001b44       0x12 c:/program files (x86)/atmel/studio/7.0/toolchain/avr8/avr8-gnu-toolchain/bin/../lib/gcc/avr/5.4.0/avr5\libgcc.a(_subdi3.o)
                0x00001b44                __subdi3
 .text.libgcc   0x00001b56       0x18 c:/program files (x86)/atmel/studio/7.0/toolchain/avr8/avr8-gnu-toolchain/bin/../lib/gcc/avr/5.4.0/avr5\libgcc.a(_cmpdi2_s8.o)
                0x00001b56                __cmpdi2_s8
 .text.libgcc.div
                0x00001b6e       0x28 c:/program files (x86)/atmel/studio/7.0/toolchain/avr8/avr8-gnu-toolchain/bin/../lib/gcc/avr/5.4.0/avr5\libgcc.a(_udivmodhi4.o)
                0x00001b6e                __udivmodhi4
 .text.libgcc.div
                0x00001b96       0x44 c:/program files (x86)/atmel/studio/7.0/toolchain/avr8/avr8-gnu-toolchain/bin/../lib/gcc/avr/5.4.0/avr5\libgcc.a(_udivmodsi4.o)
                0x00001b96                __udivmodsi4
 .text.libgcc.mul
                0x00001bda       0x16 c:/program files (x86)/atmel/studio/7.0/toolchain/avr8/avr8-gnu-toolchain/bin/../lib/gcc/avr/5.4.0/avr5\libgcc.a(_muluhisi3.o)
                0x00001bda                __muluhisi3
 .text.libgcc.mul
                0x00001bf0       0x1e c:/program files (x86)/atmel/studio/7.0/toolchain/avr8/avr8-gnu-toolchain/bin/../lib/gcc/avr/5.4.0/avr5\libgcc.a(_umulhisi3.o)
                0x00001bf0                __umulhisi3
 .text.avr-libc
                0x00001c0e      0x1b0 c:/program files (x86)/atmel/studio/7.0/toolchain/avr8/avr8-gnu-toolchain/bin/../lib/gcc/avr/5.4.0/../../../../avr/lib/avr5\libc.a(ftoa_engine.o)
                0x00001c0e                __ftoa_engine
 .text.avr-libc
                0x00001dbe       0x16 c:/program files (x86)/atmel/studio/7.0/toolchain/avr8/avr8-gnu-toolchain/bin/../lib/gcc/avr/5.4.0/../../../../avr/lib/avr5\libc.a(strnlen_P.o)
                0x00001dbe                strnlen_P
 .text.avr-libc
                0x00001dd4       0x16 c:/program files (x86)/atmel/studio/7.0/toolchain/avr8/avr8-gnu-toolchain/bin/../lib/gcc/avr/5.4.0/../../../../avr/lib/avr5\libc.a(strnlen.o)
                0x00001dd4                strnlen
 .text.avr-libc
                0x00001dea       0x78 c:/program files (x86)/atmel/studio/7.0/toolchain/avr8/avr8-gnu-toolchain/bin/../lib/gcc/avr/5.4.0/../../../../avr/lib/avr5\libc.a(fputc.o)
                0x00001dea                fputc
 .text.avr-libc
                0x00001e62       0x2c c:/program files (x86)/atmel/studio/7.0/toolchain/avr8/avr8-gnu-toolchain/bin/../lib/gcc/avr/5.4.0/../../../../avr/lib/avr5\libc.a(printf.o)
                0x00001e62                printf
 .text.avr-libc
                0x00001e8e       0xbc c:/program files (x86)/atmel/studio/7.0/toolchain/avr8/avr8-gnu-toolchain/bin/../lib/gcc/avr/5.4.0/../../../../avr/lib/avr5\libc.a(ultoa_invert.o)
                0x00001e8e                __ultoa_invert
                0x00001f4a                . = ALIGN (0x2)
 *(.fini9)
 .fini9         0x00001f4a        0x0 c:/program files (x86)/atmel/studio/7.0/toolchain/avr8/avr8-gnu-toolchain/bin/../lib/gcc/avr/5.4.0/avr5\libgcc.a(_exit.o)
                0x00001f4a                _exit
                0x00001f4a                exit
 *(.fini9)
 *(.fini8)
 *(.fini8)
 *(.fini7)
 *(.fini7)
 *(.fini6)
 *(.fini6)
 *(.fini5)
 *(.fini5)
 *(.fini4)
 *(.fini4)
 *(.fini3)
 *(.fini3)
 *(.fini2)
 *(.fini2)
 *(.fini1)
 *(.fini1)
 *(.fini0)
 .fini0         0x00001f4a        0x4 c:/program files (x86)/atmel/studio/7.0/toolchain/avr8/avr8-gnu-toolchain/bin/../lib/gcc/avr/5.4.0/avr5\libgcc.a(_exit.o)
 *(.fini0)
                0x00001f4e                _etext = .

.data           0x00800100       0x38 load address 0x00001f4e
                0x00800100                PROVIDE (__data_start, .)
 *(.data)
 *(.data*)
 .data.uart_str
                0x00800100        0xe src/__usart__.o
 *(.gnu.linkonce.d*)
 *(.rodata)
 *(.rodata*)
 .rodata.str1.1
                0x0080010e        0xf src/__timer1__.o
 .rodata.str1.1
                0x0080011d       0x1b src/main.o
 *(.gnu.linkonce.r*)
                0x00800138                . = ALIGN (0x2)
                0x00800138                _edata = .
                0x00800138                PROVIDE (__data_end, .)

.bss            0x00800138       0x5a
                0x00800138                PROVIDE (__bss_start, .)
 *(.bss)
 *(.bss*)
 .bss.pidData   0x00800138       0x12 src/__dc_control__.o
 .bss._omega_enca_prev
                0x0080014a        0x4 src/__odometry__.o
 .bss._encb_count
                0x0080014e        0x4 src/__odometry__.o
 .bss._enca_count
                0x00800152        0x4 src/__odometry__.o
 .bss._omega_enc_a
                0x00800156        0x4 src/__odometry__.o
 .bss._prev_tick_timeB
                0x0080015a        0x8 src/__odometry__.o
 .bss._prev_tick_timeA
                0x00800162        0x8 src/__odometry__.o
 .bss._tick_timeB
                0x0080016a        0x8 src/__odometry__.o
 .bss._tick_timeA
                0x00800172        0x8 src/__odometry__.o
 .bss._timer0_ovf_cnt
                0x0080017a        0x8 src/__timer0__.o
                0x0080017a                _timer0_ovf_cnt
 .bss._controler_flag_B
                0x00800182        0x1 src/__timer1__.o
                0x00800182                _controler_flag_B
 .bss._controler_flag_A
                0x00800183        0x1 src/__timer1__.o
                0x00800183                _controler_flag_A
 .bss._tmr_overflow_count
                0x00800184        0x8 src/__timer1__.o
                0x00800184                _tmr_overflow_count
 *(COMMON)
 COMMON         0x0080018c        0x6 c:/program files (x86)/atmel/studio/7.0/toolchain/avr8/avr8-gnu-toolchain/bin/../lib/gcc/avr/5.4.0/../../../../avr/lib/avr5\libc.a(iob.o)
                0x0080018c                __iob
                0x00800192                PROVIDE (__bss_end, .)
                0x00001f4e                __data_load_start = LOADADDR (.data)
                0x00001f86                __data_load_end = (__data_load_start + SIZEOF (.data))

.noinit         0x00800192        0x0
                [!provide]                PROVIDE (__noinit_start, .)
 *(.noinit*)
                [!provide]                PROVIDE (__noinit_end, .)
                0x00800192                _end = .
                [!provide]                PROVIDE (__heap_start, .)

.eeprom         0x00810000        0x0
 *(.eeprom*)
                0x00810000                __eeprom_end = .

.fuse
 *(.fuse)
 *(.lfuse)
 *(.hfuse)
 *(.efuse)

.lock
 *(.lock*)

.signature
 *(.signature*)

.user_signatures
 *(.user_signatures*)

.stab
 *(.stab)

.stabstr
 *(.stabstr)

.stab.excl
 *(.stab.excl)

.stab.exclstr
 *(.stab.exclstr)

.stab.index
 *(.stab.index)

.stab.indexstr
 *(.stab.indexstr)

.comment        0x00000000       0x5c
 *(.comment)
 .comment       0x00000000       0x30 src/_pid_.o
                                 0x31 (size before relaxing)
 .comment       0x00000030       0x31 src/__adc__.o
 .comment       0x00000030       0x31 src/__dc_control__.o
 .comment       0x00000030       0x31 src/__INT_0_1__.o
 .comment       0x00000030       0x31 src/__odometry__.o
 .comment       0x00000030       0x31 src/__pwm__.o
 .comment       0x00000030       0x31 src/__timer0__.o
 .comment       0x00000030       0x31 src/__timer1__.o
 .comment       0x00000030       0x31 src/__timer2__.o
 .comment       0x00000030       0x31 src/__usart__.o
 .comment       0x00000030       0x31 src/ASF/common/boards/user_board/init.o
 .comment       0x00000030       0x31 src/main.o
 .comment       0x00000030       0x2c c:/program files (x86)/atmel/studio/7.0/toolchain/avr8/avr8-gnu-toolchain/bin/../lib/gcc/avr/5.4.0/../../../../avr/lib/avr5\libprintf_flt.a(vfprintf_flt.o)
                                 0x2d (size before relaxing)
 .comment       0x0000005c       0x31 c:/program files (x86)/atmel/studio/7.0/toolchain/avr8/avr8-gnu-toolchain/bin/../lib/gcc/avr/5.4.0/../../../../avr/lib/avr5\libc.a(fputc.o)
 .comment       0x0000005c       0x31 c:/program files (x86)/atmel/studio/7.0/toolchain/avr8/avr8-gnu-toolchain/bin/../lib/gcc/avr/5.4.0/../../../../avr/lib/avr5\libc.a(iob.o)
 .comment       0x0000005c       0x31 c:/program files (x86)/atmel/studio/7.0/toolchain/avr8/avr8-gnu-toolchain/bin/../lib/gcc/avr/5.4.0/../../../../avr/lib/avr5\libc.a(printf.o)

.note.gnu.avr.deviceinfo
                0x00000000       0x40
 .note.gnu.avr.deviceinfo
                0x00000000       0x40 C:/Program Files (x86)/Atmel/Studio/7.0/Packs/Atmel/ATmega_DFP/1.6.364/gcc/dev/atmega328p/avr5/crtatmega328p.o

.note.gnu.build-id
 *(.note.gnu.build-id)

.debug
 *(.debug)

.line
 *(.line)

.debug_srcinfo
 *(.debug_srcinfo)

.debug_sfnames
 *(.debug_sfnames)

.debug_aranges  0x00000000      0x2a8
 *(.debug_aranges)
 .debug_aranges
                0x00000000       0x30 src/_pid_.o
 .debug_aranges
                0x00000030       0x28 src/__adc__.o
 .debug_aranges
                0x00000058       0x58 src/__dc_control__.o
 .debug_aranges
                0x000000b0       0x28 src/__INT_0_1__.o
 .debug_aranges
                0x000000d8       0x90 src/__odometry__.o
 .debug_aranges
                0x00000168       0x38 src/__pwm__.o
 .debug_aranges
                0x000001a0       0x40 src/__timer0__.o
 .debug_aranges
                0x000001e0       0x38 src/__timer1__.o
 .debug_aranges
                0x00000218       0x20 src/__timer2__.o
 .debug_aranges
                0x00000238       0x30 src/__usart__.o
 .debug_aranges
                0x00000268       0x20 src/ASF/common/boards/user_board/init.o
 .debug_aranges
                0x00000288       0x20 src/main.o

.debug_pubnames
 *(.debug_pubnames)

.debug_info     0x00000000     0x261d
 *(.debug_info .gnu.linkonce.wi.*)
 .debug_info    0x00000000      0x5f4 C:/Program Files (x86)/Atmel/Studio/7.0/Packs/Atmel/ATmega_DFP/1.6.364/gcc/dev/atmega328p/avr5/crtatmega328p.o
 .debug_info    0x000005f4      0x22f src/_pid_.o
 .debug_info    0x00000823      0x19f src/__adc__.o
 .debug_info    0x000009c2      0x671 src/__dc_control__.o
 .debug_info    0x00001033      0x1a4 src/__INT_0_1__.o
 .debug_info    0x000011d7      0x52c src/__odometry__.o
 .debug_info    0x00001703      0x1f8 src/__pwm__.o
 .debug_info    0x000018fb      0x211 src/__timer0__.o
 .debug_info    0x00001b0c      0x26a src/__timer1__.o
 .debug_info    0x00001d76      0x166 src/__timer2__.o
 .debug_info    0x00001edc      0x202 src/__usart__.o
 .debug_info    0x000020de      0x215 src/ASF/common/boards/user_board/init.o
 .debug_info    0x000022f3      0x32a src/main.o

.debug_abbrev   0x00000000     0x153a
 *(.debug_abbrev)
 .debug_abbrev  0x00000000      0x5a2 C:/Program Files (x86)/Atmel/Studio/7.0/Packs/Atmel/ATmega_DFP/1.6.364/gcc/dev/atmega328p/avr5/crtatmega328p.o
 .debug_abbrev  0x000005a2       0xfe src/_pid_.o
 .debug_abbrev  0x000006a0      0x106 src/__adc__.o
 .debug_abbrev  0x000007a6      0x225 src/__dc_control__.o
 .debug_abbrev  0x000009cb       0xec src/__INT_0_1__.o
 .debug_abbrev  0x00000ab7      0x209 src/__odometry__.o
 .debug_abbrev  0x00000cc0       0xec src/__pwm__.o
 .debug_abbrev  0x00000dac      0x170 src/__timer0__.o
 .debug_abbrev  0x00000f1c      0x180 src/__timer1__.o
 .debug_abbrev  0x0000109c       0xdb src/__timer2__.o
 .debug_abbrev  0x00001177      0x143 src/__usart__.o
 .debug_abbrev  0x000012ba      0x11e src/ASF/common/boards/user_board/init.o
 .debug_abbrev  0x000013d8      0x162 src/main.o

.debug_line     0x00000000     0x40b2
 *(.debug_line .debug_line.* .debug_line_end)
 .debug_line    0x00000000      0x134 C:/Program Files (x86)/Atmel/Studio/7.0/Packs/Atmel/ATmega_DFP/1.6.364/gcc/dev/atmega328p/avr5/crtatmega328p.o
 .debug_line    0x00000134      0x1e8 src/_pid_.o
 .debug_line    0x0000031c      0x53d src/__adc__.o
 .debug_line    0x00000859      0x6a6 src/__dc_control__.o
 .debug_line    0x00000eff      0x533 src/__INT_0_1__.o
 .debug_line    0x00001432      0x749 src/__odometry__.o
 .debug_line    0x00001b7b      0x54d src/__pwm__.o
 .debug_line    0x000020c8      0x5f3 src/__timer0__.o
 .debug_line    0x000026bb      0x5ae src/__timer1__.o
 .debug_line    0x00002c69      0x516 src/__timer2__.o
 .debug_line    0x0000317f      0x4b6 src/__usart__.o
 .debug_line    0x00003635      0x522 src/ASF/common/boards/user_board/init.o
 .debug_line    0x00003b57      0x55b src/main.o

.debug_frame    0x00000000      0x80c
 *(.debug_frame)
 .debug_frame   0x00000000       0x70 src/_pid_.o
 .debug_frame   0x00000070       0x34 src/__adc__.o
 .debug_frame   0x000000a4       0xb0 src/__dc_control__.o
 .debug_frame   0x00000154       0x34 src/__INT_0_1__.o
 .debug_frame   0x00000188      0x32c src/__odometry__.o
 .debug_frame   0x000004b4       0x54 src/__pwm__.o
 .debug_frame   0x00000508       0xec src/__timer0__.o
 .debug_frame   0x000005f4      0x14c src/__timer1__.o
 .debug_frame   0x00000740       0x24 src/__timer2__.o
 .debug_frame   0x00000764       0x44 src/__usart__.o
 .debug_frame   0x000007a8       0x24 src/ASF/common/boards/user_board/init.o
 .debug_frame   0x000007cc       0x40 src/main.o

.debug_str      0x00000000    0x111a0
 *(.debug_str)
 .debug_str     0x00000000      0x208 C:/Program Files (x86)/Atmel/Studio/7.0/Packs/Atmel/ATmega_DFP/1.6.364/gcc/dev/atmega328p/avr5/crtatmega328p.o
 .debug_str     0x00000208     0x330f src/_pid_.o
                               0x338c (size before relaxing)
 .debug_str     0x00003517     0xd787 src/__adc__.o
                              0x10b93 (size before relaxing)
 .debug_str     0x00010c9e      0x111 src/__dc_control__.o
                              0x10cef (size before relaxing)
 .debug_str     0x00010daf       0x43 src/__INT_0_1__.o
                              0x10ba0 (size before relaxing)
 .debug_str     0x00010df2      0x15c src/__odometry__.o
                              0x10d0a (size before relaxing)
 .debug_str     0x00010f4e       0x17 src/__pwm__.o
                              0x10ba4 (size before relaxing)
 .debug_str     0x00010f65       0x64 src/__timer0__.o
                              0x10be6 (size before relaxing)
 .debug_str     0x00010fc9       0x5a src/__timer1__.o
                              0x10bf7 (size before relaxing)
 .debug_str     0x00011023       0x21 src/__timer2__.o
                              0x10b7e (size before relaxing)
 .debug_str     0x00011044       0x49 src/__usart__.o
                              0x10734 (size before relaxing)
 .debug_str     0x0001108d       0x36 src/ASF/common/boards/user_board/init.o
                              0x10bf5 (size before relaxing)
 .debug_str     0x000110c3       0xdd src/main.o
                              0x10c4f (size before relaxing)

.debug_loc      0x00000000     0x153e
 *(.debug_loc)
 .debug_loc     0x00000000      0x33d src/_pid_.o
 .debug_loc     0x0000033d       0x21 src/__adc__.o
 .debug_loc     0x0000035e      0x354 src/__dc_control__.o
 .debug_loc     0x000006b2       0x42 src/__INT_0_1__.o
 .debug_loc     0x000006f4      0x6d7 src/__odometry__.o
 .debug_loc     0x00000dcb       0xd0 src/__pwm__.o
 .debug_loc     0x00000e9b      0x29e src/__timer0__.o
 .debug_loc     0x00001139      0x336 src/__timer1__.o
 .debug_loc     0x0000146f       0x45 src/__usart__.o
 .debug_loc     0x000014b4       0x8a src/main.o

.debug_macinfo
 *(.debug_macinfo)

.debug_weaknames
 *(.debug_weaknames)

.debug_funcnames
 *(.debug_funcnames)

.debug_typenames
 *(.debug_typenames)

.debug_varnames
 *(.debug_varnames)

.debug_pubtypes
 *(.debug_pubtypes)

.debug_ranges   0x00000000      0x1e8
 *(.debug_ranges)
 .debug_ranges  0x00000000       0x20 src/_pid_.o
 .debug_ranges  0x00000020       0x18 src/__adc__.o
 .debug_ranges  0x00000038       0x48 src/__dc_control__.o
 .debug_ranges  0x00000080       0x18 src/__INT_0_1__.o
 .debug_ranges  0x00000098       0x80 src/__odometry__.o
 .debug_ranges  0x00000118       0x28 src/__pwm__.o
 .debug_ranges  0x00000140       0x30 src/__timer0__.o
 .debug_ranges  0x00000170       0x28 src/__timer1__.o
 .debug_ranges  0x00000198       0x10 src/__timer2__.o
 .debug_ranges  0x000001a8       0x20 src/__usart__.o
 .debug_ranges  0x000001c8       0x10 src/ASF/common/boards/user_board/init.o
 .debug_ranges  0x000001d8       0x10 src/main.o

.debug_macro    0x00000000     0x536c
 *(.debug_macro)
 .debug_macro   0x00000000       0x33 src/_pid_.o
 .debug_macro   0x00000033      0xa4e src/_pid_.o
 .debug_macro   0x00000a81      0x1c9 src/_pid_.o
 .debug_macro   0x00000c4a       0x28 src/_pid_.o
 .debug_macro   0x00000c72      0x21b src/__adc__.o
 .debug_macro   0x00000e8d       0x10 src/__adc__.o
 .debug_macro   0x00000e9d       0x10 src/__adc__.o
 .debug_macro   0x00000ead      0x2fc src/__adc__.o
 .debug_macro   0x000011a9       0x58 src/__adc__.o
 .debug_macro   0x00001201       0x10 src/__adc__.o
 .debug_macro   0x00001211       0x97 src/__adc__.o
 .debug_macro   0x000012a8       0xf2 src/__adc__.o
 .debug_macro   0x0000139a       0x10 src/__adc__.o
 .debug_macro   0x000013aa       0xaa src/__adc__.o
 .debug_macro   0x00001454     0x1411 src/__adc__.o
 .debug_macro   0x00002865      0x13a src/__adc__.o
 .debug_macro   0x0000299f       0xbd src/__adc__.o
 .debug_macro   0x00002a5c       0x34 src/__adc__.o
 .debug_macro   0x00002a90       0x18 src/__adc__.o
 .debug_macro   0x00002aa8       0x6c src/__adc__.o
 .debug_macro   0x00002b14       0x22 src/__adc__.o
 .debug_macro   0x00002b36       0xf6 src/__adc__.o
 .debug_macro   0x00002c2c       0x1c src/__adc__.o
 .debug_macro   0x00002c48       0x35 src/__adc__.o
 .debug_macro   0x00002c7d       0x66 src/__adc__.o
 .debug_macro   0x00002ce3      0x6d7 src/__adc__.o
 .debug_macro   0x000033ba       0x43 src/__adc__.o
 .debug_macro   0x000033fd       0x69 src/__adc__.o
 .debug_macro   0x00003466       0x2b src/__adc__.o
 .debug_macro   0x00003491       0x10 src/__adc__.o
 .debug_macro   0x000034a1       0xe2 src/__adc__.o
 .debug_macro   0x00003583       0x40 src/__adc__.o
 .debug_macro   0x000035c3      0x100 src/__adc__.o
 .debug_macro   0x000036c3      0x2bd src/__adc__.o
 .debug_macro   0x00003980       0x10 src/__adc__.o
 .debug_macro   0x00003990      0x160 src/__adc__.o
 .debug_macro   0x00003af0       0x1c src/__adc__.o
 .debug_macro   0x00003b0c       0x22 src/__adc__.o
 .debug_macro   0x00003b2e       0x8e src/__adc__.o
 .debug_macro   0x00003bbc       0x1c src/__adc__.o
 .debug_macro   0x00003bd8       0x2e src/__adc__.o
 .debug_macro   0x00003c06       0x3a src/__adc__.o
 .debug_macro   0x00003c40       0x2e src/__adc__.o
 .debug_macro   0x00003c6e      0x215 src/__dc_control__.o
 .debug_macro   0x00003e83       0x22 src/__dc_control__.o
 .debug_macro   0x00003ea5      0x21b src/__INT_0_1__.o
 .debug_macro   0x000040c0      0x21b src/__odometry__.o
 .debug_macro   0x000042db       0x34 src/__odometry__.o
 .debug_macro   0x0000430f      0x215 src/__pwm__.o
 .debug_macro   0x00004524      0x215 src/__timer0__.o
 .debug_macro   0x00004739      0x21b src/__timer1__.o
 .debug_macro   0x00004954       0x1c src/__timer1__.o
 .debug_macro   0x00004970      0x215 src/__timer2__.o
 .debug_macro   0x00004b85      0x19c src/__usart__.o
 .debug_macro   0x00004d21       0x10 src/__usart__.o
 .debug_macro   0x00004d31       0x9e src/__usart__.o
 .debug_macro   0x00004dcf      0x16d src/__usart__.o
 .debug_macro   0x00004f3c      0x216 src/ASF/common/boards/user_board/init.o
 .debug_macro   0x00005152      0x21a src/main.o
OUTPUT(swarm_bot_cpp.elf elf32-avr)
LOAD linker stubs
