Archive member included to satisfy reference by file (symbol)

c:/program files (x86)/atmel/studio/7.0/toolchain/avr8/avr8-gnu-toolchain/bin/../lib/gcc/avr/5.4.0/../../../../avr/lib/avr5\libm.a(addsf3.o)
                              src/main.o (__subsf3)
c:/program files (x86)/atmel/studio/7.0/toolchain/avr8/avr8-gnu-toolchain/bin/../lib/gcc/avr/5.4.0/../../../../avr/lib/avr5\libm.a(addsf3x.o)
                              c:/program files (x86)/atmel/studio/7.0/toolchain/avr8/avr8-gnu-toolchain/bin/../lib/gcc/avr/5.4.0/../../../../avr/lib/avr5\libm.a(addsf3.o) (__addsf3x)
c:/program files (x86)/atmel/studio/7.0/toolchain/avr8/avr8-gnu-toolchain/bin/../lib/gcc/avr/5.4.0/../../../../avr/lib/avr5\libm.a(divsf3.o)
                              src/__odometry__.o (__divsf3)
c:/program files (x86)/atmel/studio/7.0/toolchain/avr8/avr8-gnu-toolchain/bin/../lib/gcc/avr/5.4.0/../../../../avr/lib/avr5\libm.a(divsf3x.o)
                              c:/program files (x86)/atmel/studio/7.0/toolchain/avr8/avr8-gnu-toolchain/bin/../lib/gcc/avr/5.4.0/../../../../avr/lib/avr5\libm.a(divsf3.o) (__divsf3x)
c:/program files (x86)/atmel/studio/7.0/toolchain/avr8/avr8-gnu-toolchain/bin/../lib/gcc/avr/5.4.0/../../../../avr/lib/avr5\libm.a(fixsfdi.o)
                              src/__timer1__.o (__fixunssfdi)
c:/program files (x86)/atmel/studio/7.0/toolchain/avr8/avr8-gnu-toolchain/bin/../lib/gcc/avr/5.4.0/../../../../avr/lib/avr5\libm.a(fixsfsi.o)
                              src/main.o (__fixsfsi)
c:/program files (x86)/atmel/studio/7.0/toolchain/avr8/avr8-gnu-toolchain/bin/../lib/gcc/avr/5.4.0/../../../../avr/lib/avr5\libm.a(fixunssfsi.o)
                              c:/program files (x86)/atmel/studio/7.0/toolchain/avr8/avr8-gnu-toolchain/bin/../lib/gcc/avr/5.4.0/../../../../avr/lib/avr5\libm.a(fixsfsi.o) (__fixunssfsi)
c:/program files (x86)/atmel/studio/7.0/toolchain/avr8/avr8-gnu-toolchain/bin/../lib/gcc/avr/5.4.0/../../../../avr/lib/avr5\libm.a(floatsisf.o)
                              src/__odometry__.o (__floatunsisf)
c:/program files (x86)/atmel/studio/7.0/toolchain/avr8/avr8-gnu-toolchain/bin/../lib/gcc/avr/5.4.0/../../../../avr/lib/avr5\libm.a(floatundisf.o)
                              src/__odometry__.o (__floatundisf)
c:/program files (x86)/atmel/studio/7.0/toolchain/avr8/avr8-gnu-toolchain/bin/../lib/gcc/avr/5.4.0/../../../../avr/lib/avr5\libm.a(fp_inf.o)
                              c:/program files (x86)/atmel/studio/7.0/toolchain/avr8/avr8-gnu-toolchain/bin/../lib/gcc/avr/5.4.0/../../../../avr/lib/avr5\libm.a(addsf3x.o) (__fp_inf)
c:/program files (x86)/atmel/studio/7.0/toolchain/avr8/avr8-gnu-toolchain/bin/../lib/gcc/avr/5.4.0/../../../../avr/lib/avr5\libm.a(fp_nan.o)
                              c:/program files (x86)/atmel/studio/7.0/toolchain/avr8/avr8-gnu-toolchain/bin/../lib/gcc/avr/5.4.0/../../../../avr/lib/avr5\libm.a(addsf3x.o) (__fp_nan)
c:/program files (x86)/atmel/studio/7.0/toolchain/avr8/avr8-gnu-toolchain/bin/../lib/gcc/avr/5.4.0/../../../../avr/lib/avr5\libm.a(fp_negdi.o)
                              c:/program files (x86)/atmel/studio/7.0/toolchain/avr8/avr8-gnu-toolchain/bin/../lib/gcc/avr/5.4.0/../../../../avr/lib/avr5\libm.a(fixsfdi.o) (__fp_negdi)
c:/program files (x86)/atmel/studio/7.0/toolchain/avr8/avr8-gnu-toolchain/bin/../lib/gcc/avr/5.4.0/../../../../avr/lib/avr5\libm.a(fp_pscA.o)
                              c:/program files (x86)/atmel/studio/7.0/toolchain/avr8/avr8-gnu-toolchain/bin/../lib/gcc/avr/5.4.0/../../../../avr/lib/avr5\libm.a(addsf3x.o) (__fp_pscA)
c:/program files (x86)/atmel/studio/7.0/toolchain/avr8/avr8-gnu-toolchain/bin/../lib/gcc/avr/5.4.0/../../../../avr/lib/avr5\libm.a(fp_pscB.o)
                              c:/program files (x86)/atmel/studio/7.0/toolchain/avr8/avr8-gnu-toolchain/bin/../lib/gcc/avr/5.4.0/../../../../avr/lib/avr5\libm.a(addsf3x.o) (__fp_pscB)
c:/program files (x86)/atmel/studio/7.0/toolchain/avr8/avr8-gnu-toolchain/bin/../lib/gcc/avr/5.4.0/../../../../avr/lib/avr5\libm.a(fp_round.o)
                              c:/program files (x86)/atmel/studio/7.0/toolchain/avr8/avr8-gnu-toolchain/bin/../lib/gcc/avr/5.4.0/../../../../avr/lib/avr5\libm.a(addsf3.o) (__fp_round)
c:/program files (x86)/atmel/studio/7.0/toolchain/avr8/avr8-gnu-toolchain/bin/../lib/gcc/avr/5.4.0/../../../../avr/lib/avr5\libm.a(fp_split3.o)
                              c:/program files (x86)/atmel/studio/7.0/toolchain/avr8/avr8-gnu-toolchain/bin/../lib/gcc/avr/5.4.0/../../../../avr/lib/avr5\libm.a(addsf3x.o) (__fp_split3)
c:/program files (x86)/atmel/studio/7.0/toolchain/avr8/avr8-gnu-toolchain/bin/../lib/gcc/avr/5.4.0/../../../../avr/lib/avr5\libm.a(fp_zero.o)
                              c:/program files (x86)/atmel/studio/7.0/toolchain/avr8/avr8-gnu-toolchain/bin/../lib/gcc/avr/5.4.0/../../../../avr/lib/avr5\libm.a(addsf3x.o) (__fp_zero)
[...]
Memory Configuration

Name             Origin             Length             Attributes
text             0x00000000         0x00008000         xr
data             0x00800060         0x00000800         rw !x
eeprom           0x00810000         0x00000400         rw !x
fuse             0x00820000         0x00000003         rw !x
lock             0x00830000         0x00000400         rw !x
signature        0x00840000         0x00000400         rw !x
user_signatures  0x00850000         0x00000400         rw !x
*default*        0x00000000         0xffffffff

Linker script and memory map

Address of section .data set to 0x800100
LOAD C:/Program Files (x86)/Atmel/Studio/7.0/Packs/Atmel/ATmega_DFP/1.6.364/gcc/dev/atmega328p/avr5/crtatmega328p.o
LOAD src/__adc__.o
LOAD src/__INT_0_1__.o
LOAD src/__odometry__.o
LOAD src/__pwm__.o
LOAD src/__timer0__.o
LOAD src/__timer1__.o
LOAD src/__timer2__.o
LOAD src/__usart__.o
LOAD src/ASF/common/boards/user_board/init.o
LOAD src/main.o
START GROUP
LOAD c:/program files (x86)/atmel/studio/7.0/toolchain/avr8/avr8-gnu-toolchain/bin/../lib/gcc/avr/5.4.0/../../../../avr/lib/avr5\libm.a
END GROUP
LOAD c:/program files (x86)/atmel/studio/7.0/toolchain/avr8/avr8-gnu-toolchain/bin/../lib/gcc/avr/5.4.0/avr5\libgcc.a
LOAD c:/program files (x86)/atmel/studio/7.0/toolchain/avr8/avr8-gnu-toolchain/bin/../lib/gcc/avr/5.4.0/../../../../avr/lib/avr5\libm.a
START GROUP
LOAD c:/program files (x86)/atmel/studio/7.0/toolchain/avr8/avr8-gnu-toolchain/bin/../lib/gcc/avr/5.4.0/avr5\libgcc.a
LOAD c:/program files (x86)/atmel/studio/7.0/toolchain/avr8/avr8-gnu-toolchain/bin/../lib/gcc/avr/5.4.0/../../../../avr/lib/avr5\libm.a
LOAD c:/program files (x86)/atmel/studio/7.0/toolchain/avr8/avr8-gnu-toolchain/bin/../lib/gcc/avr/5.4.0/../../../../avr/lib/avr5\libc.a
LOAD C:/Program Files (x86)/Atmel/Studio/7.0/Packs/Atmel/ATmega_DFP/1.6.364/gcc/dev/atmega328p/avr5\libatmega328p.a
END GROUP
                [0x00008000]                __TEXT_REGION_LENGTH__ = DEFINED (__TEXT_REGION_LENGTH__)?__TEXT_REGION_LENGTH__:0x20000
                [0x00000800]                __DATA_REGION_LENGTH__ = DEFINED (__DATA_REGION_LENGTH__)?__DATA_REGION_LENGTH__:0xffa0
                [0x00000400]                __EEPROM_REGION_LENGTH__ = DEFINED (__EEPROM_REGION_LENGTH__)?__EEPROM_REGION_LENGTH__:0x10000
                [0x00000003]                __FUSE_REGION_LENGTH__ = DEFINED (__FUSE_REGION_LENGTH__)?__FUSE_REGION_LENGTH__:0x400
                0x00000400                __LOCK_REGION_LENGTH__ = DEFINED (__LOCK_REGION_LENGTH__)?__LOCK_REGION_LENGTH__:0x400
                0x00000400                __SIGNATURE_REGION_LENGTH__ = DEFINED (__SIGNATURE_REGION_LENGTH__)?__SIGNATURE_REGION_LENGTH__:0x400
                0x00000400                __USER_SIGNATURE_REGION_LENGTH__ = DEFINED (__USER_SIGNATURE_REGION_LENGTH__)?__USER_SIGNATURE_REGION_LENGTH__:0x400

.hash
 *(.hash)

.dynsym
 *(.dynsym)

.dynstr
 *(.dynstr)

.gnu.version
 *(.gnu.version)

.gnu.version_d
 *(.gnu.version_d)

.gnu.version_r
 *(.gnu.version_r)

.rel.init
 *(.rel.init)

.rela.init
 *(.rela.init)

.rel.text
 *(.rel.text)
 *(.rel.text.*)
 *(.rel.gnu.linkonce.t*)

.rela.text
 *(.rela.text)
 *(.rela.text.*)
 *(.rela.gnu.linkonce.t*)

.rel.fini
 *(.rel.fini)

.rela.fini
 *(.rela.fini)

.rel.rodata
 *(.rel.rodata)
 *(.rel.rodata.*)
 *(.rel.gnu.linkonce.r*)

.rela.rodata
 *(.rela.rodata)
 *(.rela.rodata.*)
 *(.rela.gnu.linkonce.r*)

.rel.data
 *(.rel.data)
 *(.rel.data.*)
 *(.rel.gnu.linkonce.d*)

.rela.data
 *(.rela.data)
 *(.rela.data.*)
 *(.rela.gnu.linkonce.d*)

.rel.ctors
 *(.rel.ctors)

.rela.ctors
 *(.rela.ctors)

.rel.dtors
 *(.rel.dtors)

.rela.dtors
 *(.rela.dtors)

.rel.got
 *(.rel.got)

.rela.got
 *(.rela.got)

.rel.bss
 *(.rel.bss)

.rela.bss
 *(.rela.bss)

.rel.plt
 *(.rel.plt)

.rela.plt
 *(.rela.plt)

.text           0x00000000     0x191a
 *(.vectors)
 .vectors       0x00000000       0x68 C:/Program Files (x86)/Atmel/Studio/7.0/Packs/Atmel/ATmega_DFP/1.6.364/gcc/dev/atmega328p/avr5/crtatmega328p.o
                0x00000000                __vector_default
                0x00000000                __vectors
 *(.vectors)
 *(.progmem.gcc*)
                0x00000068                . = ALIGN (0x2)
                0x00000068                __trampolines_start = .
 *(.trampolines)
 .trampolines   0x00000068        0x0 linker stubs
 *(.trampolines*)
                0x00000068                __trampolines_end = .
 *libprintf_flt.a:*(.progmem.data)
 *libc.a:*(.progmem.data)
 *(.progmem*)
                0x00000068                . = ALIGN (0x2)
 *(.jumptables)
 *(.jumptables*)
 *(.lowtext)
 *(.lowtext*)
                0x00000068                __ctors_start = .
 *(.ctors)
                0x00000068                __ctors_end = .
                0x00000068                __dtors_start = .
 *(.dtors)
                0x00000068                __dtors_end = .
 SORT(*)(.ctors)
 SORT(*)(.dtors)
 *(.init0)
 .init0         0x00000068        0x0 C:/Program Files (x86)/Atmel/Studio/7.0/Packs/Atmel/ATmega_DFP/1.6.364/gcc/dev/atmega328p/avr5/crtatmega328p.o
                0x00000068                __init
 *(.init0)
 *(.init1)
 *(.init1)
 *(.init2)
 .init2         0x00000068        0xc C:/Program Files (x86)/Atmel/Studio/7.0/Packs/Atmel/ATmega_DFP/1.6.364/gcc/dev/atmega328p/avr5/crtatmega328p.o
 *(.init2)
 *(.init3)
 *(.init3)
 *(.init4)
 .init4         0x00000074       0x16 c:/program files (x86)/atmel/studio/7.0/toolchain/avr8/avr8-gnu-toolchain/bin/../lib/gcc/avr/5.4.0/avr5\libgcc.a(_copy_data.o)
                0x00000074                __do_copy_data
 .init4         0x0000008a       0x10 c:/program files (x86)/atmel/studio/7.0/toolchain/avr8/avr8-gnu-toolchain/bin/../lib/gcc/avr/5.4.0/avr5\libgcc.a(_clear_bss.o)
                0x0000008a                __do_clear_bss
 *(.init4)
 *(.init5)
 *(.init5)
 *(.init6)
 *(.init6)
 *(.init7)
 *(.init7)
 *(.init8)
 *(.init8)
 *(.init9)
 .init9         0x0000009a        0x8 C:/Program Files (x86)/Atmel/Studio/7.0/Packs/Atmel/ATmega_DFP/1.6.364/gcc/dev/atmega328p/avr5/crtatmega328p.o
 *(.init9)
 *(.text)
 .text          0x000000a2        0x4 C:/Program Files (x86)/Atmel/Studio/7.0/Packs/Atmel/ATmega_DFP/1.6.364/gcc/dev/atmega328p/avr5/crtatmega328p.o
                0x000000a2                __vector_22
                0x000000a2                __vector_24
                0x000000a2                __vector_12
                0x000000a2                __bad_interrupt
                0x000000a2                __vector_6
                0x000000a2                __vector_3
                0x000000a2                __vector_23
                0x000000a2                __vector_25
                0x000000a2                __vector_11
                0x000000a2                __vector_17
                0x000000a2                __vector_19
                0x000000a2                __vector_7
                0x000000a2                __vector_5
                0x000000a2                __vector_4
                0x000000a2                __vector_21
                0x000000a2                __vector_15
                0x000000a2                __vector_8
                0x000000a2                __vector_10
                0x000000a2                __vector_18
                0x000000a2                __vector_20
                0x000000a6                . = ALIGN (0x2)
 *(.text.*)
 .text._adc_init
                0x000000a6       0x18 src/__adc__.o
                0x000000a6                _adc_init
 .text._adc_read
                0x000000be       0x26 src/__adc__.o
                0x000000be                _adc_read
 .text._interrupt0_enable
                0x000000e4       0x10 src/__INT_0_1__.o
                0x000000e4                _interrupt0_enable
 .text.__vector_1
                0x000000f4      0x1ec src/__odometry__.o
                0x000000f4                __vector_1
 .text.__vector_2
                0x000002e0      0x18c src/__odometry__.o
                0x000002e0                __vector_2
 .text._omega_from_encA
                0x0000046c       0x36 src/__odometry__.o
                0x0000046c                _omega_from_encA
 .text._omega_from_encB
                0x000004a2       0x5a src/__odometry__.o
                0x000004a2                _omega_from_encB
 .text._insertion_sort
                0x000004fc       0x6a src/__odometry__.o
                0x000004fc                _insertion_sort
 .text.__vector_9
                0x00000566      0x132 src/__odometry__.o
                0x00000566                __vector_9
 .text.__vector_14
                0x00000698      0x132 src/__odometry__.o
                0x00000698                __vector_14
 .text._timer0_init
                0x000007ca       0x14 src/__timer0__.o
                0x000007ca                _timer0_init
 .text._timer0_enable_ovf
                0x000007de        0xc src/__timer0__.o
                0x000007de                _timer0_enable_ovf
 .text._micros0
                0x000007ea       0x90 src/__timer0__.o
                0x000007ea                _micros0
 .text.__vector_16
                0x0000087a       0x7e src/__timer0__.o
                0x0000087a                __vector_16
 .text._timer1_init
                0x000008f8       0x38 src/__timer1__.o
                0x000008f8                _timer1_init
 .text._micros  0x00000930       0x94 src/__timer1__.o
                0x00000930                _micros
 .text.__vector_13
                0x000009c4       0x7e src/__timer1__.o
                0x000009c4                __vector_13
 .text._uart_put_char
                0x00000a42       0x24 src/__usart__.o
 .text._uart_get_char
                0x00000a66       0x12 src/__usart__.o
 .text.usart_init
                0x00000a78       0x28 src/__usart__.o
                0x00000a78                usart_init
 .text.board_init
                0x00000aa0       0x1c src/ASF/common/boards/user_board/init.o
                0x00000aa0                board_init
 .text.main     0x00000abc       0x7c src/main.o
                0x00000abc                main
 .text.avr-libc.fplib
                0x00000b38        0xe c:/program files (x86)/atmel/studio/7.0/toolchain/avr8/avr8-gnu-toolchain/bin/../lib/gcc/avr/5.4.0/../../../../avr/lib/avr5\libm.a(addsf3.o)
                0x00000b38                __subsf3
                0x00000b3a                __addsf3
 .text.avr-libc.fplib
                0x00000b46       0xcc c:/program files (x86)/atmel/studio/7.0/toolchain/avr8/avr8-gnu-toolchain/bin/../lib/gcc/avr/5.4.0/../../../../avr/lib/avr5\libm.a(addsf3x.o)
                0x00000b68                __addsf3x
 .text.avr-libc.fplib
                0x00000c12        0x8 c:/program files (x86)/atmel/studio/7.0/toolchain/avr8/avr8-gnu-toolchain/bin/../lib/gcc/avr/5.4.0/../../../../avr/lib/avr5\libm.a(divsf3.o)
                0x00000c12                __divsf3
 .text.avr-libc.fplib
                0x00000c1a       0xdc c:/program files (x86)/atmel/studio/7.0/toolchain/avr8/avr8-gnu-toolchain/bin/../lib/gcc/avr/5.4.0/../../../../avr/lib/avr5\libm.a(divsf3x.o)
                0x00000c3a                __divsf3x
                0x00000c40                __divsf3_pse
 .text.avr-libc.fplib
                0x00000cf6        0xe c:/program files (x86)/atmel/studio/7.0/toolchain/avr8/avr8-gnu-toolchain/bin/../lib/gcc/avr/5.4.0/../../../../avr/lib/avr5\libm.a(fixsfsi.o)
                0x00000cf6                __fixsfsi
 .text.avr-libc.fplib
                0x00000d04       0x5e c:/program files (x86)/atmel/studio/7.0/toolchain/avr8/avr8-gnu-toolchain/bin/../lib/gcc/avr/5.4.0/../../../../avr/lib/avr5\libm.a(fixunssfsi.o)
                0x00000d04                __fixunssfsi
 .text.avr-libc.fplib
                0x00000d62       0x7a c:/program files (x86)/atmel/studio/7.0/toolchain/avr8/avr8-gnu-toolchain/bin/../lib/gcc/avr/5.4.0/../../../../avr/lib/avr5\libm.a(floatsisf.o)
                0x00000d62                __floatunsisf
                0x00000d66                __floatsisf
 .text.avr-libc.fplib
                0x00000ddc       0x7c c:/program files (x86)/atmel/studio/7.0/toolchain/avr8/avr8-gnu-toolchain/bin/../lib/gcc/avr/5.4.0/../../../../avr/lib/avr5\libm.a(floatundisf.o)
                0x00000ddc                __floatundisf
                0x00000dde                __fp_di2sf
 .text.avr-libc.fplib
                0x00000e58        0xc c:/program files (x86)/atmel/studio/7.0/toolchain/avr8/avr8-gnu-toolchain/bin/../lib/gcc/avr/5.4.0/../../../../avr/lib/avr5\libm.a(fp_inf.o)
                0x00000e58                __fp_inf
 .text.avr-libc.fplib
                0x00000e64        0x6 c:/program files (x86)/atmel/studio/7.0/toolchain/avr8/avr8-gnu-toolchain/bin/../lib/gcc/avr/5.4.0/../../../../avr/lib/avr5\libm.a(fp_nan.o)
                0x00000e64                __fp_nan
 .text.avr-libc.fplib
                0x00000e6a        0xe c:/program files (x86)/atmel/studio/7.0/toolchain/avr8/avr8-gnu-toolchain/bin/../lib/gcc/avr/5.4.0/../../../../avr/lib/avr5\libm.a(fp_pscA.o)
                0x00000e6a                __fp_pscA
 .text.avr-libc.fplib
                0x00000e78        0xe c:/program files (x86)/atmel/studio/7.0/toolchain/avr8/avr8-gnu-toolchain/bin/../lib/gcc/avr/5.4.0/../../../../avr/lib/avr5\libm.a(fp_pscB.o)
                0x00000e78                __fp_pscB
 .text.avr-libc.fplib
                0x00000e86       0x22 c:/program files (x86)/atmel/studio/7.0/toolchain/avr8/avr8-gnu-toolchain/bin/../lib/gcc/avr/5.4.0/../../../../avr/lib/avr5\libm.a(fp_round.o)
                0x00000e86                __fp_round
 .text.avr-libc.fplib
                0x00000ea8       0x44 c:/program files (x86)/atmel/studio/7.0/toolchain/avr8/avr8-gnu-toolchain/bin/../lib/gcc/avr/5.4.0/../../../../avr/lib/avr5\libm.a(fp_split3.o)
                0x00000ea8                __fp_split3
                0x00000eb8                __fp_splitA
 .text.avr-libc.fplib
                0x00000eec        0xe c:/program files (x86)/atmel/studio/7.0/toolchain/avr8/avr8-gnu-toolchain/bin/../lib/gcc/avr/5.4.0/../../../../avr/lib/avr5\libm.a(fp_zero.o)
                0x00000eec                __fp_zero
                0x00000eee                __fp_szero
 .text.avr-libc.fplib
                0x00000efa        0x8 c:/program files (x86)/atmel/studio/7.0/toolchain/avr8/avr8-gnu-toolchain/bin/../lib/gcc/avr/5.4.0/../../../../avr/lib/avr5\libm.a(mulsf3.o)
                0x00000efa                __mulsf3
 .text.avr-libc.fplib
                0x00000f02       0xd2 c:/program files (x86)/atmel/studio/7.0/toolchain/avr8/avr8-gnu-toolchain/bin/../lib/gcc/avr/5.4.0/../../../../avr/lib/avr5\libm.a(mulsf3x.o)
                0x00000f20                __mulsf3x
                0x00000f26                __mulsf3_pse
 .text.libgcc.div
                0x00000fd4       0x1c c:/program files (x86)/atmel/studio/7.0/toolchain/avr8/avr8-gnu-toolchain/bin/../lib/gcc/avr/5.4.0/avr5\libgcc.a(_udivdi3.o)
                0x00000fd4                __umoddi3
                0x00000fd8                __udivdi3
                0x00000fda                __udivdi3_umoddi3
 .text.libgcc.div
                0x00000ff0       0xa2 c:/program files (x86)/atmel/studio/7.0/toolchain/avr8/avr8-gnu-toolchain/bin/../lib/gcc/avr/5.4.0/avr5\libgcc.a(_udivmod64.o)
                0x00000ff0                __udivmod64
 .text.libgcc.builtins
                0x00001092       0x32 c:/program files (x86)/atmel/studio/7.0/toolchain/avr8/avr8-gnu-toolchain/bin/../lib/gcc/avr/5.4.0/avr5\libgcc.a(_ashldi3.o)
                0x00001092                __ashldi3
 .text.libgcc   0x000010c4       0x12 c:/program files (x86)/atmel/studio/7.0/toolchain/avr8/avr8-gnu-toolchain/bin/../lib/gcc/avr/5.4.0/avr5\libgcc.a(_adddi3.o)
                0x000010c4                __adddi3
 .text.libgcc   0x000010d6       0x18 c:/program files (x86)/atmel/studio/7.0/toolchain/avr8/avr8-gnu-toolchain/bin/../lib/gcc/avr/5.4.0/avr5\libgcc.a(_adddi3_s8.o)
                0x000010d6                __adddi3_s8
 .text.libgcc   0x000010ee       0x12 c:/program files (x86)/atmel/studio/7.0/toolchain/avr8/avr8-gnu-toolchain/bin/../lib/gcc/avr/5.4.0/avr5\libgcc.a(_subdi3.o)
                0x000010ee                __subdi3
 .text.libgcc   0x00001100       0x18 c:/program files (x86)/atmel/studio/7.0/toolchain/avr8/avr8-gnu-toolchain/bin/../lib/gcc/avr/5.4.0/avr5\libgcc.a(_cmpdi2_s8.o)
                0x00001100                __cmpdi2_s8
 .text.avr-libc
                0x00001118      0x242 c:/program files (x86)/atmel/studio/7.0/toolchain/avr8/avr8-gnu-toolchain/bin/../lib/gcc/avr/5.4.0/../../../../avr/lib/avr5\libc.a(malloc.o)
                0x00001118                malloc
                0x00001248                free
 .text.avr-libc
                0x0000135a       0x2c c:/program files (x86)/atmel/studio/7.0/toolchain/avr8/avr8-gnu-toolchain/bin/../lib/gcc/avr/5.4.0/../../../../avr/lib/avr5\libc.a(printf.o)
                0x0000135a                printf
 .text.avr-libc
                0x00001386      0x3c2 c:/program files (x86)/atmel/studio/7.0/toolchain/avr8/avr8-gnu-toolchain/bin/../lib/gcc/avr/5.4.0/../../../../avr/lib/avr5\libc.a(vfprintf_std.o)
                0x00001386                vfprintf
 .text.avr-libc
                0x00001748       0x16 c:/program files (x86)/atmel/studio/7.0/toolchain/avr8/avr8-gnu-toolchain/bin/../lib/gcc/avr/5.4.0/../../../../avr/lib/avr5\libc.a(strnlen_P.o)
                0x00001748                strnlen_P
 .text.avr-libc
                0x0000175e       0x16 c:/program files (x86)/atmel/studio/7.0/toolchain/avr8/avr8-gnu-toolchain/bin/../lib/gcc/avr/5.4.0/../../../../avr/lib/avr5\libc.a(strnlen.o)
                0x0000175e                strnlen
 .text.avr-libc
                0x00001774       0x78 c:/program files (x86)/atmel/studio/7.0/toolchain/avr8/avr8-gnu-toolchain/bin/../lib/gcc/avr/5.4.0/../../../../avr/lib/avr5\libc.a(fputc.o)
                0x00001774                fputc
 .text.avr-libc
                0x000017ec       0xbc c:/program files (x86)/atmel/studio/7.0/toolchain/avr8/avr8-gnu-toolchain/bin/../lib/gcc/avr/5.4.0/../../../../avr/lib/avr5\libc.a(ultoa_invert.o)
                0x000017ec                __ultoa_invert
 .text.libgcc.prologue
                0x000018a8       0x38 c:/program files (x86)/atmel/studio/7.0/toolchain/avr8/avr8-gnu-toolchain/bin/../lib/gcc/avr/5.4.0/avr5\libgcc.a(_prologue.o)
                0x000018a8                __prologue_saves__
 .text.libgcc.prologue
                0x000018e0       0x36 c:/program files (x86)/atmel/studio/7.0/toolchain/avr8/avr8-gnu-toolchain/bin/../lib/gcc/avr/5.4.0/avr5\libgcc.a(_epilogue.o)
                0x000018e0                __epilogue_restores__
                0x00001916                . = ALIGN (0x2)
 *(.fini9)
 .fini9         0x00001916        0x0 c:/program files (x86)/atmel/studio/7.0/toolchain/avr8/avr8-gnu-toolchain/bin/../lib/gcc/avr/5.4.0/avr5\libgcc.a(_exit.o)
                0x00001916                _exit
                0x00001916                exit
 *(.fini9)
 *(.fini8)
 *(.fini8)
 *(.fini7)
 *(.fini7)
 *(.fini6)
 *(.fini6)
 *(.fini5)
 *(.fini5)
 *(.fini4)
 *(.fini4)
 *(.fini3)
 *(.fini3)
 *(.fini2)
 *(.fini2)
 *(.fini1)
 *(.fini1)
 *(.fini0)
 .fini0         0x00001916        0x4 c:/program files (x86)/atmel/studio/7.0/toolchain/avr8/avr8-gnu-toolchain/bin/../lib/gcc/avr/5.4.0/avr5\libgcc.a(_exit.o)
 *(.fini0)
                0x0000191a                _etext = .

.data           0x00800100       0x20 load address 0x0000191a
                0x00800100                PROVIDE (__data_start, .)
 *(.data)
 .data          0x00800100        0x6 c:/program files (x86)/atmel/studio/7.0/toolchain/avr8/avr8-gnu-toolchain/bin/../lib/gcc/avr/5.4.0/../../../../avr/lib/avr5\libc.a(malloc.o)
                0x00800100                __malloc_heap_end
                0x00800102                __malloc_heap_start
                0x00800104                __malloc_margin
 *(.data*)
 .data._pmB_prev
                0x00800106        0x2 src/__odometry__.o
 .data._pmA_prev
                0x00800108        0x2 src/__odometry__.o
 .data.uart_str
                0x0080010a        0xe src/__usart__.o
 *(.gnu.linkonce.d*)
 *(.rodata)
 *(.rodata*)
 .rodata.str1.1
                0x00800118        0x8 src/main.o
 *(.gnu.linkonce.r*)
                0x00800120                . = ALIGN (0x2)
                0x00800120                _edata = .
                0x00800120                PROVIDE (__data_end, .)

.bss            0x00800120       0x56
                0x00800120                PROVIDE (__bss_start, .)
 *(.bss)
 *(.bss*)
 .bss._omega_pmB
                0x00800120        0x4 src/__odometry__.o
 .bss._omega_pmA
                0x00800124        0x4 src/__odometry__.o
 .bss._pmB_current
                0x00800128        0x2 src/__odometry__.o
 .bss._pmA_current
                0x0080012a        0x2 src/__odometry__.o
 .bss._encb_count
                0x0080012c        0x8 src/__odometry__.o
 .bss._enca_count
                0x00800134        0x8 src/__odometry__.o
 .bss._prev_tick_timeB
                0x0080013c        0x8 src/__odometry__.o
 .bss._prev_tick_timeA
                0x00800144        0x8 src/__odometry__.o
 .bss._tick_timeB
                0x0080014c        0x8 src/__odometry__.o
 .bss._tick_timeA
                0x00800154        0x8 src/__odometry__.o
 .bss._timer0_ovf_cnt
                0x0080015c        0x8 src/__timer0__.o
 .bss._tmr_overflow_count
                0x00800164        0x8 src/__timer1__.o
                0x00800164                _tmr_overflow_count
 *(COMMON)
 COMMON         0x0080016c        0x4 c:/program files (x86)/atmel/studio/7.0/toolchain/avr8/avr8-gnu-toolchain/bin/../lib/gcc/avr/5.4.0/../../../../avr/lib/avr5\libc.a(malloc.o)
                0x0080016c                __brkval
                0x0080016e                __flp
 COMMON         0x00800170        0x6 c:/program files (x86)/atmel/studio/7.0/toolchain/avr8/avr8-gnu-toolchain/bin/../lib/gcc/avr/5.4.0/../../../../avr/lib/avr5\libc.a(iob.o)
                0x00800170                __iob
                0x00800176                PROVIDE (__bss_end, .)
                0x0000191a                __data_load_start = LOADADDR (.data)
                0x0000193a                __data_load_end = (__data_load_start + SIZEOF (.data))

.noinit         0x00800176        0x0
                [!provide]                PROVIDE (__noinit_start, .)
 *(.noinit*)
                [!provide]                PROVIDE (__noinit_end, .)
                0x00800176                _end = .
                0x00800176                PROVIDE (__heap_start, .)

.eeprom         0x00810000        0x0
 *(.eeprom*)
                0x00810000                __eeprom_end = .

.fuse
 *(.fuse)
 *(.lfuse)
 *(.hfuse)
 *(.efuse)

.lock
 *(.lock*)

.signature
 *(.signature*)

.user_signatures
 *(.user_signatures*)

.stab
 *(.stab)

.stabstr
 *(.stabstr)

.stab.excl
 *(.stab.excl)

.stab.exclstr
 *(.stab.exclstr)

.stab.index
 *(.stab.index)

.stab.indexstr
 *(.stab.indexstr)

.comment        0x00000000       0x5c
 *(.comment)
 .comment       0x00000000       0x30 src/__adc__.o
                                 0x31 (size before relaxing)
 .comment       0x00000030       0x31 src/__INT_0_1__.o
 .comment       0x00000030       0x31 src/__odometry__.o
 .comment       0x00000030       0x31 src/__timer0__.o
 .comment       0x00000030       0x31 src/__timer1__.o
 .comment       0x00000030       0x31 src/__usart__.o
 .comment       0x00000030       0x31 src/ASF/common/boards/user_board/init.o
 .comment       0x00000030       0x31 src/main.o
 .comment       0x00000030       0x31 c:/program files (x86)/atmel/studio/7.0/toolchain/avr8/avr8-gnu-toolchain/bin/../lib/gcc/avr/5.4.0/../../../../avr/lib/avr5\libc.a(malloc.o)
 .comment       0x00000030       0x31 c:/program files (x86)/atmel/studio/7.0/toolchain/avr8/avr8-gnu-toolchain/bin/../lib/gcc/avr/5.4.0/../../../../avr/lib/avr5\libc.a(iob.o)
 .comment       0x00000030       0x31 c:/program files (x86)/atmel/studio/7.0/toolchain/avr8/avr8-gnu-toolchain/bin/../lib/gcc/avr/5.4.0/../../../../avr/lib/avr5\libc.a(printf.o)
 .comment       0x00000030       0x2c c:/program files (x86)/atmel/studio/7.0/toolchain/avr8/avr8-gnu-toolchain/bin/../lib/gcc/avr/5.4.0/../../../../avr/lib/avr5\libc.a(vfprintf_std.o)
                                 0x2d (size before relaxing)
 .comment       0x0000005c       0x31 c:/program files (x86)/atmel/studio/7.0/toolchain/avr8/avr8-gnu-toolchain/bin/../lib/gcc/avr/5.4.0/../../../../avr/lib/avr5\libc.a(fputc.o)

.note.gnu.avr.deviceinfo
                0x00000000       0x40
 .note.gnu.avr.deviceinfo
                0x00000000       0x40 C:/Program Files (x86)/Atmel/Studio/7.0/Packs/Atmel/ATmega_DFP/1.6.364/gcc/dev/atmega328p/avr5/crtatmega328p.o

.note.gnu.build-id
 *(.note.gnu.build-id)

.debug
 *(.debug)

.line
 *(.line)

.debug_srcinfo
 *(.debug_srcinfo)

.debug_sfnames
 *(.debug_sfnames)

.debug_aranges  0x00000000      0x1f0
 *(.debug_aranges)
 .debug_aranges
                0x00000000       0x28 src/__adc__.o
 .debug_aranges
                0x00000028       0x28 src/__INT_0_1__.o
 .debug_aranges
                0x00000050       0x80 src/__odometry__.o
 .debug_aranges
                0x000000d0       0x60 src/__timer0__.o
 .debug_aranges
                0x00000130       0x50 src/__timer1__.o
 .debug_aranges
                0x00000180       0x30 src/__usart__.o
 .debug_aranges
                0x000001b0       0x20 src/ASF/common/boards/user_board/init.o
 .debug_aranges
                0x000001d0       0x20 src/main.o

.debug_pubnames
 *(.debug_pubnames)

.debug_info     0x00000000     0x178d
 *(.debug_info .gnu.linkonce.wi.*)
 .debug_info    0x00000000      0x5f4 C:/Program Files (x86)/Atmel/Studio/7.0/Packs/Atmel/ATmega_DFP/1.6.364/gcc/dev/atmega328p/avr5/crtatmega328p.o
 .debug_info    0x000005f4       0xc3 src/__adc__.o
 .debug_info    0x000006b7       0xc8 src/__INT_0_1__.o
 .debug_info    0x0000077f      0x638 src/__odometry__.o
 .debug_info    0x00000db7      0x1af src/__timer0__.o
 .debug_info    0x00000f66      0x1a9 src/__timer1__.o
 .debug_info    0x0000110f      0x21a src/__usart__.o
 .debug_info    0x00001329      0x223 src/ASF/common/boards/user_board/init.o
 .debug_info    0x0000154c      0x241 src/main.o

.debug_abbrev   0x00000000      0xec7
 *(.debug_abbrev)
 .debug_abbrev  0x00000000      0x5a2 C:/Program Files (x86)/Atmel/Studio/7.0/Packs/Atmel/ATmega_DFP/1.6.364/gcc/dev/atmega328p/avr5/crtatmega328p.o
 .debug_abbrev  0x000005a2       0x7d src/__adc__.o
 .debug_abbrev  0x0000061f       0x7d src/__INT_0_1__.o
 .debug_abbrev  0x0000069c      0x247 src/__odometry__.o
 .debug_abbrev  0x000008e3      0x122 src/__timer0__.o
 .debug_abbrev  0x00000a05      0x103 src/__timer1__.o
 .debug_abbrev  0x00000b08      0x165 src/__usart__.o
 .debug_abbrev  0x00000c6d      0x120 src/ASF/common/boards/user_board/init.o
 .debug_abbrev  0x00000d8d      0x13a src/main.o

.debug_line     0x00000000     0x2a8e
 *(.debug_line .debug_line.* .debug_line_end)
 .debug_line    0x00000000      0x134 C:/Program Files (x86)/Atmel/Studio/7.0/Packs/Atmel/ATmega_DFP/1.6.364/gcc/dev/atmega328p/avr5/crtatmega328p.o
 .debug_line    0x00000134      0x47c src/__adc__.o
 .debug_line    0x000005b0      0x476 src/__INT_0_1__.o
 .debug_line    0x00000a26      0x74b src/__odometry__.o
 .debug_line    0x00001171      0x583 src/__timer0__.o
 .debug_line    0x000016f4      0x563 src/__timer1__.o
 .debug_line    0x00001c57      0x4ba src/__usart__.o
 .debug_line    0x00002111      0x49b src/ASF/common/boards/user_board/init.o
 .debug_line    0x000025ac      0x4e2 src/main.o

.debug_frame    0x00000000      0x6f0
 *(.debug_frame)
 .debug_frame   0x00000000       0x34 src/__adc__.o
 .debug_frame   0x00000034       0x34 src/__INT_0_1__.o
 .debug_frame   0x00000068      0x398 src/__odometry__.o
 .debug_frame   0x00000400      0x110 src/__timer0__.o
 .debug_frame   0x00000510      0x134 src/__timer1__.o
 .debug_frame   0x00000644       0x4c src/__usart__.o
 .debug_frame   0x00000690       0x24 src/ASF/common/boards/user_board/init.o
 .debug_frame   0x000006b4       0x3c src/main.o

.debug_str      0x00000000    0x10e3e
 *(.debug_str)
 .debug_str     0x00000000      0x208 C:/Program Files (x86)/Atmel/Studio/7.0/Packs/Atmel/ATmega_DFP/1.6.364/gcc/dev/atmega328p/avr5/crtatmega328p.o
 .debug_str     0x00000208    0x104dd src/__adc__.o
                              0x106c6 (size before relaxing)
 .debug_str     0x000106e5       0x9f src/__INT_0_1__.o
                              0x10711 (size before relaxing)
 .debug_str     0x00010784      0x4c3 src/__odometry__.o
                              0x10bda (size before relaxing)
 .debug_str     0x00010c47       0xb5 src/__timer0__.o
                              0x1077b (size before relaxing)
 .debug_str     0x00010cfc       0x98 src/__timer1__.o
                              0x1075e (size before relaxing)
 .debug_str     0x00010d94       0x4f src/__usart__.o
                              0x10732 (size before relaxing)
 .debug_str     0x00010de3       0x36 src/ASF/common/boards/user_board/init.o
                              0x10852 (size before relaxing)
 .debug_str     0x00010e19       0x25 src/main.o
                              0x10a97 (size before relaxing)

.debug_loc      0x00000000      0xf93
 *(.debug_loc)
 .debug_loc     0x00000000       0x21 src/__adc__.o
 .debug_loc     0x00000021       0x42 src/__INT_0_1__.o
 .debug_loc     0x00000063      0x942 src/__odometry__.o
 .debug_loc     0x000009a5      0x1e8 src/__timer0__.o
 .debug_loc     0x00000b8d      0x2fe src/__timer1__.o
 .debug_loc     0x00000e8b       0x98 src/__usart__.o
 .debug_loc     0x00000f23       0x70 src/main.o

.debug_macinfo
 *(.debug_macinfo)

.debug_weaknames
 *(.debug_weaknames)

.debug_funcnames
 *(.debug_funcnames)

.debug_typenames
 *(.debug_typenames)

.debug_varnames
 *(.debug_varnames)

.debug_pubtypes
 *(.debug_pubtypes)

.debug_ranges   0x00000000      0x170
 *(.debug_ranges)
 .debug_ranges  0x00000000       0x18 src/__adc__.o
 .debug_ranges  0x00000018       0x18 src/__INT_0_1__.o
 .debug_ranges  0x00000030       0x70 src/__odometry__.o
 .debug_ranges  0x000000a0       0x50 src/__timer0__.o
 .debug_ranges  0x000000f0       0x40 src/__timer1__.o
 .debug_ranges  0x00000130       0x20 src/__usart__.o
 .debug_ranges  0x00000150       0x10 src/ASF/common/boards/user_board/init.o
 .debug_ranges  0x00000160       0x10 src/main.o

.debug_macro    0x00000000     0x4951
 *(.debug_macro)
 .debug_macro   0x00000000      0x197 src/__adc__.o
 .debug_macro   0x00000197      0xa4e src/__adc__.o
 .debug_macro   0x00000be5       0x10 src/__adc__.o
 .debug_macro   0x00000bf5      0x1c9 src/__adc__.o
 .debug_macro   0x00000dbe      0x2fc src/__adc__.o
 .debug_macro   0x000010ba       0x58 src/__adc__.o
 .debug_macro   0x00001112       0x10 src/__adc__.o
 .debug_macro   0x00001122       0x97 src/__adc__.o
 .debug_macro   0x000011b9       0xf2 src/__adc__.o
 .debug_macro   0x000012ab       0x10 src/__adc__.o
 .debug_macro   0x000012bb       0xaa src/__adc__.o
 .debug_macro   0x00001365     0x1411 src/__adc__.o
 .debug_macro   0x00002776      0x13a src/__adc__.o
 .debug_macro   0x000028b0       0xbd src/__adc__.o
 .debug_macro   0x0000296d       0x34 src/__adc__.o
 .debug_macro   0x000029a1       0x18 src/__adc__.o
 .debug_macro   0x000029b9       0x6c src/__adc__.o
 .debug_macro   0x00002a25       0x22 src/__adc__.o
 .debug_macro   0x00002a47       0xf6 src/__adc__.o
 .debug_macro   0x00002b3d       0x1c src/__adc__.o
 .debug_macro   0x00002b59       0x35 src/__adc__.o
 .debug_macro   0x00002b8e       0x66 src/__adc__.o
 .debug_macro   0x00002bf4      0x6d7 src/__adc__.o
 .debug_macro   0x000032cb       0x43 src/__adc__.o
 .debug_macro   0x0000330e       0x69 src/__adc__.o
 .debug_macro   0x00003377       0x2b src/__adc__.o
 .debug_macro   0x000033a2       0x10 src/__adc__.o
 .debug_macro   0x000033b2       0xe2 src/__adc__.o
 .debug_macro   0x00003494       0x40 src/__adc__.o
 .debug_macro   0x000034d4      0x100 src/__adc__.o
 .debug_macro   0x000035d4      0x2bd src/__adc__.o
 .debug_macro   0x00003891       0x10 src/__adc__.o
 .debug_macro   0x000038a1      0x160 src/__adc__.o
 .debug_macro   0x00003a01      0x19d src/__INT_0_1__.o
 .debug_macro   0x00003b9e       0x1c src/__INT_0_1__.o
 .debug_macro   0x00003bba      0x1e4 src/__odometry__.o
 .debug_macro   0x00003d9e       0x22 src/__odometry__.o
 .debug_macro   0x00003dc0       0x16 src/__odometry__.o
 .debug_macro   0x00003dd6       0x8e src/__odometry__.o
 .debug_macro   0x00003e64       0x1c src/__odometry__.o
 .debug_macro   0x00003e80       0x22 src/__odometry__.o
 .debug_macro   0x00003ea2      0x198 src/__timer0__.o
 .debug_macro   0x0000403a      0x19d src/__timer1__.o
 .debug_macro   0x000041d7       0x10 src/__timer1__.o
 .debug_macro   0x000041e7      0x19c src/__usart__.o
 .debug_macro   0x00004383       0x10 src/__usart__.o
 .debug_macro   0x00004393       0x9e src/__usart__.o
 .debug_macro   0x00004431      0x16d src/__usart__.o
 .debug_macro   0x0000459e      0x1c1 src/ASF/common/boards/user_board/init.o
 .debug_macro   0x0000475f      0x1f2 src/main.o
OUTPUT(swarm_bot_cpp.elf elf32-avr)
LOAD linker stubs
